// Jest Snapshot v1, https://goo.gl/fbAQLP

exports[`App Component renders component and match ui snapshot to cover UI changes 1`] = `
<div>
  <div>
    <div
      class="container-fluid"
    >
      <div
        class="row"
      >
        <nav
          class="navbar aqua-marine"
        >
          <div
            class="navbar-brand white"
          >
            <div
              class="row"
            >
              <div
                class="col-6"
              >
                <img
                  alt=""
                  class="align"
                  height="20"
                  src="white-menu.jpg"
                  width="20"
                />
                <span
                  class="pad-left"
                >
                  Employee Management Sysytem
                </span>
              </div>
              <div
                class="col-6"
              >
                <div
                  class="float-right"
                >
                  <div>
                    <img
                      alt=""
                      class="align"
                      height="20"
                      src="search.png"
                      width="20"
                    />
                  </div>
                </div>
              </div>
            </div>
          </div>
        </nav>
        <main
          class="content"
        >
          <div
            class="row"
          >
            <div
              class="col-md-12"
            >
              <div
                class="row"
              >
                <div
                  class="col-md-12"
                >
                  <div
                    class="text-right"
                  >
                    <button
                      class="btn btn-primary"
                      type="button"
                    >
                      Add Employee
                    </button>
                  </div>
                </div>
              </div>
              <table
                class="table"
              >
                <thead>
                  <tr>
                    <th
                      scope="col"
                    >
                      #
                    </th>
                    <th
                      scope="col"
                    >
                      First Name
                    </th>
                    <th
                      scope="col"
                    >
                      Last Name
                    </th>
                    <th
                      scope="col"
                    >
                      Email
                    </th>
                    <th
                      scope="col"
                    >
                      Phone Number
                    </th>
                    <th
                      scope="col"
                    >
                      Actions
                    </th>
                  </tr>
                </thead>
                <tbody>
                  <tr>
                    <th
                      scope="row"
                    >
                      1
                    </th>
                    <td>
                      Abhijit
                    </td>
                    <td>
                      Shinde
                    </td>
                    <td>
                      ashinde1721@gmail.com
                    </td>
                    <td>
                      9812387
                    </td>
                    <td>
                      <span
                        class="edit"
                      >
                        Edit 
                      </span>
                       
                      <span
                        class="delete"
                      >
                         X 
                      </span>
                    </td>
                  </tr>
                  <tr>
                    <th
                      scope="row"
                    >
                      2
                    </th>
                    <td>
                      Abhijit
                    </td>
                    <td>
                      Shinde
                    </td>
                    <td>
                      ashinde1721@gmail.com
                    </td>
                    <td>
                      9812387
                    </td>
                    <td>
                      <span
                        class="edit"
                      >
                        Edit 
                      </span>
                       
                      <span
                        class="delete"
                      >
                         X 
                      </span>
                    </td>
                  </tr>
                  <tr>
                    <th
                      scope="row"
                    >
                      3
                    </th>
                    <td>
                      Abhijit
                    </td>
                    <td>
                      Shinde
                    </td>
                    <td>
                      ashinde1721@gmail.com
                    </td>
                    <td>
                      9812387
                    </td>
                    <td>
                      <span
                        class="edit"
                      >
                        Edit 
                      </span>
                       
                      <span
                        class="delete"
                      >
                         X 
                      </span>
                    </td>
                  </tr>
                  <tr>
                    <th
                      scope="row"
                    >
                      4
                    </th>
                    <td>
                      Abhijit
                    </td>
                    <td>
                      Shinde
                    </td>
                    <td>
                      ashinde1721@gmail.com
                    </td>
                    <td>
                      9812387
                    </td>
                    <td>
                      <span
                        class="edit"
                      >
                        Edit 
                      </span>
                       
                      <span
                        class="delete"
                      >
                         X 
                      </span>
                    </td>
                  </tr>
                  <tr>
                    <th
                      scope="row"
                    >
                      5
                    </th>
                    <td>
                      Abhijit
                    </td>
                    <td>
                      Shinde
                    </td>
                    <td>
                      ashinde1721@gmail.com
                    </td>
                    <td>
                      9812387
                    </td>
                    <td>
                      <span
                        class="edit"
                      >
                        Edit 
                      </span>
                       
                      <span
                        class="delete"
                      >
                         X 
                      </span>
                    </td>
                  </tr>
                </tbody>
              </table>
            </div>
          </div>
        </main>
      </div>
    </div>
  </div>
</div>
`;
